PC: 0002, State: 0002
Registers: 
      r00:0000 r01:0000 r02:0000 r03:0000 r04:0000 r05:0000 r06:0000 r07:0000
      r08:0000 r09:0000 r10:0000 r11:0000 r12:0000 r13:0000 r14:0000 r15:0000
Next instruction: loadi 2, r0

PC: 0006, State: 0002
Registers: 
      r00:0002 r01:0000 r02:0000 r03:0000 r04:0000 r05:0000 r06:0000 r07:0000
      r08:0000 r09:0000 r10:0000 r11:0000 r12:0000 r13:0000 r14:0000 r15:0000
Next instruction: loadi 3, r1

PC: 000a, State: 0002
Registers: 
      r00:0002 r01:0003 r02:0000 r03:0000 r04:0000 r05:0000 r06:0000 r07:0000
      r08:0000 r09:0000 r10:0000 r11:0000 r12:0000 r13:0000 r14:0000 r15:0000
Next instruction: loadi 4, r2

PC: 000e, State: 0002
Registers: 
      r00:0002 r01:0003 r02:0004 r03:0000 r04:0000 r05:0000 r06:0000 r07:0000
      r08:0000 r09:0000 r10:0000 r11:0000 r12:0000 r13:0000 r14:0000 r15:0000
Next instruction: loadi 5, r3

PC: 0012, State: 0002
Registers: 
      r00:0002 r01:0003 r02:0004 r03:0005 r04:0000 r05:0000 r06:0000 r07:0000
      r08:0000 r09:0000 r10:0000 r11:0000 r12:0000 r13:0000 r14:0000 r15:0000
Next instruction: loadi 7, r5

PC: 0016, State: 0002
Registers: 
      r00:0002 r01:0003 r02:0004 r03:0005 r04:0000 r05:0007 r06:0000 r07:0000
      r08:0000 r09:0000 r10:0000 r11:0000 r12:0000 r13:0000 r14:0000 r15:0000
Next instruction: and r3, r0

PC: 0018, State: 0002
Registers: 
      r00:0000 r01:0003 r02:0004 r03:0005 r04:0000 r05:0007 r06:0000 r07:0000
      r08:0000 r09:0000 r10:0000 r11:0000 r12:0000 r13:0000 r14:0000 r15:0000
Next instruction: or r2, r1

PC: 001a, State: 0002
Registers: 
      r00:0000 r01:0007 r02:0004 r03:0005 r04:0000 r05:0007 r06:0000 r07:0000
      r08:0000 r09:0000 r10:0000 r11:0000 r12:0000 r13:0000 r14:0000 r15:0000
Next instruction: xor r5, r2

PC: 001c, State: 0002
Registers: 
      r00:0000 r01:0007 r02:0003 r03:0005 r04:0000 r05:0007 r06:0000 r07:0000
      r08:0000 r09:0000 r10:0000 r11:0000 r12:0000 r13:0000 r14:0000 r15:0000
Next instruction: not r4

PC: 001e, State: 0002
Registers: 
      r00:0000 r01:0007 r02:0003 r03:0005 r04:0001 r05:0007 r06:0000 r07:0000
      r08:0000 r09:0000 r10:0000 r11:0000 r12:0000 r13:0000 r14:0000 r15:0000
Next instruction: not r4

PC: 0020, State: 0002
Registers: 
      r00:0000 r01:0007 r02:0003 r03:0005 r04:0000 r05:0007 r06:0000 r07:0000
      r08:0000 r09:0000 r10:0000 r11:0000 r12:0000 r13:0000 r14:0000 r15:0000
Next instruction: shl r2, r5

PC: 0022, State: 0002
Registers: 
      r00:0000 r01:0007 r02:0003 r03:0005 r04:0000 r05:0038 r06:0000 r07:0000
      r08:0000 r09:0000 r10:0000 r11:0000 r12:0000 r13:0000 r14:0000 r15:0000
Next instruction: shr r2, r5

PC: 0024, State: 0002
Registers: 
      r00:0000 r01:0007 r02:0003 r03:0005 r04:0000 r05:0007 r06:0000 r07:0000
      r08:0000 r09:0000 r10:0000 r11:0000 r12:0000 r13:0000 r14:0000 r15:0000
Next instruction: (null) 

