PC: 0002, State: 0002
Registers: 
      r00:0000 r01:0000 r02:0000 r03:0000 r04:0000 r05:0000 r06:0000 r07:0000
      r08:0000 r09:0000 r10:0000 r11:0000 r12:0000 r13:0000 r14:0000 r15:0000
Next instruction: loadi 1044, r15

PC: 0006, State: 0002
Registers: 
      r00:0000 r01:0000 r02:0000 r03:0000 r04:0000 r05:0000 r06:0000 r07:0000
      r08:0000 r09:0000 r10:0000 r11:0000 r12:0000 r13:0000 r14:0000 r15:0414
Next instruction: loadi 14, r0

PC: 000a, State: 0002
Registers: 
      r00:000e r01:0000 r02:0000 r03:0000 r04:0000 r05:0000 r06:0000 r07:0000
      r08:0000 r09:0000 r10:0000 r11:0000 r12:0000 r13:0000 r14:0000 r15:0414
Next instruction: callr r0

PC: 000e, State: 0002
Registers: 
      r00:000e r01:0000 r02:0000 r03:0000 r04:0000 r05:0000 r06:0000 r07:0000
      r08:0000 r09:0000 r10:0000 r11:0000 r12:0000 r13:0000 r14:0000 r15:0412
Next instruction: loadi 72, r0

PC: 0012, State: 0002
Registers: 
      r00:0048 r01:0000 r02:0000 r03:0000 r04:0000 r05:0000 r06:0000 r07:0000
      r08:0000 r09:0000 r10:0000 r11:0000 r12:0000 r13:0000 r14:0000 r15:0412
Next instruction: ret 

PC: 000c, State: 0002
Registers: 
      r00:0048 r01:0000 r02:0000 r03:0000 r04:0000 r05:0000 r06:0000 r07:0000
      r08:0000 r09:0000 r10:0000 r11:0000 r12:0000 r13:0000 r14:0000 r15:0414
Next instruction: (null) 

