PC: 0002, State: 0002
Registers: 
      r00:0000 r01:0000 r02:0000 r03:0000 r04:0000 r05:0000 r06:0000 r07:0000
      r08:0000 r09:0000 r10:0000 r11:0000 r12:0000 r13:0000 r14:0000 r15:0000
Next instruction: loadi 72, r0

PC: 0006, State: 0002
Registers: 
      r00:0048 r01:0000 r02:0000 r03:0000 r04:0000 r05:0000 r06:0000 r07:0000
      r08:0000 r09:0000 r10:0000 r11:0000 r12:0000 r13:0000 r14:0000 r15:0000
Next instruction: out r0

HPC: 0008, State: 0002
Registers: 
      r00:0048 r01:0000 r02:0000 r03:0000 r04:0000 r05:0000 r06:0000 r07:0000
      r08:0000 r09:0000 r10:0000 r11:0000 r12:0000 r13:0000 r14:0000 r15:0000
Next instruction: loadi 101, r0

PC: 000c, State: 0002
Registers: 
      r00:0065 r01:0000 r02:0000 r03:0000 r04:0000 r05:0000 r06:0000 r07:0000
      r08:0000 r09:0000 r10:0000 r11:0000 r12:0000 r13:0000 r14:0000 r15:0000
Next instruction: out r0

ePC: 000e, State: 0002
Registers: 
      r00:0065 r01:0000 r02:0000 r03:0000 r04:0000 r05:0000 r06:0000 r07:0000
      r08:0000 r09:0000 r10:0000 r11:0000 r12:0000 r13:0000 r14:0000 r15:0000
Next instruction: loadi 108, r0

PC: 0012, State: 0002
Registers: 
      r00:006c r01:0000 r02:0000 r03:0000 r04:0000 r05:0000 r06:0000 r07:0000
      r08:0000 r09:0000 r10:0000 r11:0000 r12:0000 r13:0000 r14:0000 r15:0000
Next instruction: out r0

lPC: 0014, State: 0002
Registers: 
      r00:006c r01:0000 r02:0000 r03:0000 r04:0000 r05:0000 r06:0000 r07:0000
      r08:0000 r09:0000 r10:0000 r11:0000 r12:0000 r13:0000 r14:0000 r15:0000
Next instruction: loadi 108, r0

PC: 0018, State: 0002
Registers: 
      r00:006c r01:0000 r02:0000 r03:0000 r04:0000 r05:0000 r06:0000 r07:0000
      r08:0000 r09:0000 r10:0000 r11:0000 r12:0000 r13:0000 r14:0000 r15:0000
Next instruction: out r0

lPC: 001a, State: 0002
Registers: 
      r00:006c r01:0000 r02:0000 r03:0000 r04:0000 r05:0000 r06:0000 r07:0000
      r08:0000 r09:0000 r10:0000 r11:0000 r12:0000 r13:0000 r14:0000 r15:0000
Next instruction: loadi 111, r0

PC: 001e, State: 0002
Registers: 
      r00:006f r01:0000 r02:0000 r03:0000 r04:0000 r05:0000 r06:0000 r07:0000
      r08:0000 r09:0000 r10:0000 r11:0000 r12:0000 r13:0000 r14:0000 r15:0000
Next instruction: out r0

oPC: 0020, State: 0002
Registers: 
      r00:006f r01:0000 r02:0000 r03:0000 r04:0000 r05:0000 r06:0000 r07:0000
      r08:0000 r09:0000 r10:0000 r11:0000 r12:0000 r13:0000 r14:0000 r15:0000
Next instruction: loadi 10, r0

PC: 0024, State: 0002
Registers: 
      r00:000a r01:0000 r02:0000 r03:0000 r04:0000 r05:0000 r06:0000 r07:0000
      r08:0000 r09:0000 r10:0000 r11:0000 r12:0000 r13:0000 r14:0000 r15:0000
Next instruction: out r0


PC: 0026, State: 0002
Registers: 
      r00:000a r01:0000 r02:0000 r03:0000 r04:0000 r05:0000 r06:0000 r07:0000
      r08:0000 r09:0000 r10:0000 r11:0000 r12:0000 r13:0000 r14:0000 r15:0000
Next instruction: ret 

PC: 0300, State: 0002
Registers: 
      r00:000a r01:0000 r02:0000 r03:0000 r04:0000 r05:0000 r06:0000 r07:0000
      r08:0000 r09:0000 r10:0000 r11:0000 r12:0000 r13:0000 r14:0000 r15:0002
Next instruction: (null) 

