PC: 0002, State: 0002
Registers: 
      r00:0000 r01:0000 r02:0000 r03:0000 r04:0000 r05:0000 r06:0000 r07:0000
      r08:0000 r09:0000 r10:0000 r11:0000 r12:0000 r13:0000 r14:0000 r15:0000
Next instruction: loadi 0, r0

PC: 0006, State: 0002
Registers: 
      r00:0000 r01:0000 r02:0000 r03:0000 r04:0000 r05:0000 r06:0000 r07:0000
      r08:0000 r09:0000 r10:0000 r11:0000 r12:0000 r13:0000 r14:0000 r15:0000
Next instruction: loadi 1, r1

PC: 000a, State: 0002
Registers: 
      r00:0000 r01:0001 r02:0000 r03:0000 r04:0000 r05:0000 r06:0000 r07:0000
      r08:0000 r09:0000 r10:0000 r11:0000 r12:0000 r13:0000 r14:0000 r15:0000
Next instruction: loadi 2, r2

PC: 000e, State: 0002
Registers: 
      r00:0000 r01:0001 r02:0002 r03:0000 r04:0000 r05:0000 r06:0000 r07:0000
      r08:0000 r09:0000 r10:0000 r11:0000 r12:0000 r13:0000 r14:0000 r15:0000
Next instruction: test r1, r1

PC: 0010, State: 0003
Registers: 
      r00:0000 r01:0001 r02:0002 r03:0000 r04:0000 r05:0000 r06:0000 r07:0000
      r08:0000 r09:0000 r10:0000 r11:0000 r12:0000 r13:0000 r14:0000 r15:0000
Next instruction: test r1, r2

PC: 0012, State: 0002
Registers: 
      r00:0000 r01:0001 r02:0002 r03:0000 r04:0000 r05:0000 r06:0000 r07:0000
      r08:0000 r09:0000 r10:0000 r11:0000 r12:0000 r13:0000 r14:0000 r15:0000
Next instruction: cmp r1, r2

PC: 0014, State: 0003
Registers: 
      r00:0000 r01:0001 r02:0002 r03:0000 r04:0000 r05:0000 r06:0000 r07:0000
      r08:0000 r09:0000 r10:0000 r11:0000 r12:0000 r13:0000 r14:0000 r15:0000
Next instruction: cmp r1, r1

PC: 0016, State: 0002
Registers: 
      r00:0000 r01:0001 r02:0002 r03:0000 r04:0000 r05:0000 r06:0000 r07:0000
      r08:0000 r09:0000 r10:0000 r11:0000 r12:0000 r13:0000 r14:0000 r15:0000
Next instruction: cmp r2, r1

PC: 0018, State: 0002
Registers: 
      r00:0000 r01:0001 r02:0002 r03:0000 r04:0000 r05:0000 r06:0000 r07:0000
      r08:0000 r09:0000 r10:0000 r11:0000 r12:0000 r13:0000 r14:0000 r15:0000
Next instruction: equ r1, r1

PC: 001a, State: 0003
Registers: 
      r00:0000 r01:0001 r02:0002 r03:0000 r04:0000 r05:0000 r06:0000 r07:0000
      r08:0000 r09:0000 r10:0000 r11:0000 r12:0000 r13:0000 r14:0000 r15:0000
Next instruction: equ r1, r2

PC: 001c, State: 0002
Registers: 
      r00:0000 r01:0001 r02:0002 r03:0000 r04:0000 r05:0000 r06:0000 r07:0000
      r08:0000 r09:0000 r10:0000 r11:0000 r12:0000 r13:0000 r14:0000 r15:0000
Next instruction: (null) 

